    Updating crates.io index
     Locking 50 packages to latest Rust 1.97.1 compatible versions
 Downloading crates ...
  Downloaded aes v0.9.3
  Downloaded sha1 v0.11.0
  Downloaded inout v0.2.2
  Downloaded cpubits v0.1.1
  Downloaded cpufeatures v0.3.1
  Downloaded cipher v0.5.2
  Downloaded hmac v0.13.0
  Downloaded cmov v0.5.4
  Downloaded ctutils v0.4.2
  Downloaded hybrid-array v0.4.15
   Compiling unicode-ident v1.0.24
   Compiling proc-macro2 v1.0.107
   Compiling quote v1.0.47
   Compiling typenum v1.20.1
   Compiling wasm-bindgen-shared v0.2.128
   Compiling rustversion v1.0.23
   Compiling cmov v0.5.4
   Compiling cfg-if v1.0.4
   Compiling bumpalo v3.20.3
   Compiling const-oid v0.10.2
   Compiling zmij v1.0.23
   Compiling once_cell v1.21.4
   Compiling serde_core v1.0.229
   Compiling memchr v2.8.3
   Compiling getrandom v0.4.3
   Compiling cpubits v0.1.1
   Compiling ctutils v0.4.2
   Compiling serde_json v1.0.151
   Compiling itoa v1.0.18
   Compiling aho-corasick v1.1.5
   Compiling wasm-bindgen v0.2.128
   Compiling syn v3.0.5
   Compiling syn v2.0.119
   Compiling hybrid-array v0.4.15
   Compiling crypto-common v0.2.2
   Compiling block-buffer v0.12.1
   Compiling inout v0.2.2
   Compiling digest v0.11.3
   Compiling cipher v0.5.2
   Compiling sha1 v0.11.0
   Compiling sha2 v0.11.0
   Compiling hmac v0.13.0
   Compiling wasm-bindgen-macro-support v0.2.128
   Compiling zeroize_derive v1.5.0
   Compiling zeroize v1.9.0
   Compiling aes v0.9.3
   Compiling wasm-bindgen-macro v0.2.128
error[E0599]: no associated function or constant named `WEB_CRYPTO` found for struct `error::Error` in the current scope
   --> /home/tan/.cargo/registry/src/index.crates.io-1949cf8c6b5b557f/getrandom-0.4.3/src/error.rs:185:20
    |
 45 | pub struct Error(NonZeroRawOsError);
    | ---------------- associated function or constant `WEB_CRYPTO` not found for this struct
...
185 |             Error::WEB_CRYPTO => "Web Crypto API is unavailable",
    |                    ^^^^^^^^^^ associated function or constant not found in `error::Error`

For more information about this error, try `rustc --explain E0599`.
error: could not compile `getrandom` (lib) due to 1 previous error
warning: build failed, waiting for other jobs to finish...
