wasm_bytes=1835641 load_ms=1.132 initial_memory=1769472 stack=204800
RAR input=3541868 index=2 guest_memory=8323072 fuel=499999973
guest failure: all fuel consumed by WebAssembly
archive=artifacts/large/rar50-solid.cbr index=2 bytes=4294967295 fuel_limit=500000000 ms=6757.414 outer_memory=21430272
	Command being timed: "/tmp/silo-cbr-wasm/wasm3-benchmark target/wasm32-unknown-unknown/release/silo_cbr_wasm_probe.wasm artifacts/large/rar50-solid.cbr 2 500000000"
	User time (seconds): 6.53
	System time (seconds): 0.01
	Percent of CPU this job got: 96%
	Elapsed (wall clock) time (h:mm:ss or m:ss): 0:06.76
	Average shared text size (kbytes): 0
	Average unshared data size (kbytes): 0
	Average stack size (kbytes): 0
	Average total size (kbytes): 0
	Maximum resident set size (kbytes): 30052
	Average resident set size (kbytes): 0
	Major (requiring I/O) page faults: 0
	Minor (reclaiming a frame) page faults: 7894
	Voluntary context switches: 1
	Involuntary context switches: 102
	Swaps: 0
	File system inputs: 0
	File system outputs: 8
	Socket messages sent: 0
	Socket messages received: 0
	Signals delivered: 0
	Page size (bytes): 4096
	Exit status: 0
