    Blocking waiting for file lock on package cache
    Updating git repository `https://github.com/Aidoku/aidoku-rs.git`
    Updating crates.io index
    Blocking waiting for file lock on package cache
     Locking 44 packages to latest Rust 1.97.1 compatible versions
    Blocking waiting for file lock on package cache
 Downloading crates ...
  Downloaded wasmi_collections v2.0.0
  Downloaded wasmi_ir v2.0.0
  Downloaded wasmi_core v2.0.0
  Downloaded wasmparser v0.228.0
   Compiling proc-macro2 v1.0.107
   Compiling unicode-ident v1.0.24
   Compiling quote v1.0.47
   Compiling libm v0.2.16
   Compiling serde_core v1.0.229
   Compiling semver v1.0.28
   Compiling serde v1.0.229
   Compiling autocfg v1.5.1
   Compiling thiserror v2.0.20
   Compiling byteorder v1.5.0
   Compiling scopeguard v1.2.0
   Compiling paste v1.0.15
   Compiling wasmi_ir v2.0.0
   Compiling wasmparser v0.228.0
   Compiling stable_deref_trait v1.2.1
   Compiling hash32 v0.2.1
   Compiling rustc_version v0.4.1
   Compiling lock_api v0.4.14
   Compiling bitflags v2.13.2
   Compiling wasmi v2.0.0
   Compiling equivalent v1.0.2
   Compiling foldhash v0.2.0
   Compiling allocator-api2 v0.2.21
   Compiling talc v4.4.3
   Compiling num-traits v0.2.19
   Compiling wasmi_collections v2.0.0
   Compiling heapless v0.7.17
   Compiling spin v0.9.9
   Compiling itoa v1.0.18
   Compiling syn v3.0.5
   Compiling wasmi_core v2.0.0
   Compiling euclid v0.22.14
   Compiling hashbrown v0.16.1
   Compiling thiserror-impl v2.0.20
   Compiling serde_derive v1.0.229
   Compiling cobs v0.3.0
   Compiling postcard v1.1.3
   Compiling aidoku v0.3.0 (https://github.com/Aidoku/aidoku-rs.git#e1320b0a)
   Compiling silo-cbr-wasm-probe v0.1.0 (/home/tan/Development/projects/aidoku-silo-sources/experiments/cbr-wasm)
    Finished `release` profile [optimized] target(s) in 24.05s
