wasm_bytes=299195 load_ms=0.623 initial_memory=1310720 stack=204800
archive=../cbr-wasm/artifacts/large/rar50-solid.cbr index=2 bytes=1180659 fuel_limit=0 ms=987.149 outer_memory=25755648
	Command being timed: "../cbr-wasm/artifacts/wasm3-benchmark target/wasm32-unknown-unknown/release/silo_cbr_native_runner.wasm ../cbr-wasm/artifacts/large/rar50-solid.cbr 2 0"
	User time (seconds): 0.98
	System time (seconds): 0.01
	Percent of CPU this job got: 100%
	Elapsed (wall clock) time (h:mm:ss or m:ss): 0:00.99
	Average shared text size (kbytes): 0
	Average unshared data size (kbytes): 0
	Average stack size (kbytes): 0
	Average total size (kbytes): 0
	Maximum resident set size (kbytes): 28204
	Average resident set size (kbytes): 0
	Major (requiring I/O) page faults: 0
	Minor (reclaiming a frame) page faults: 7399
	Voluntary context switches: 1
	Involuntary context switches: 6
	Swaps: 0
	File system inputs: 0
	File system outputs: 8
	Socket messages sent: 0
	Socket messages received: 0
	Signals delivered: 0
	Page size (bytes): 4096
	Exit status: 0
